29 81 03 7c 01 08 28 00 42 07 0d 45 10 00 00 00
2d 2d 2d 2d 2d 2d 2d 2d 2d 2d 2d e0 ff ff ff ff
ff ff ff ff ff ff ff ff ff ff ff ff ff ff ff ff
ff ff ff ff ff ff ff ff ff ff 2d 2d 2d 2d 2d 2d
2d 2d 2d 2d 2d e0 ff ff ff ff ff ff ff ff ff ff
ff ff ff ff ff ff ff ff ff ff ff ff ff ff ff ff
ff ff ff ff ff ff ff ff ff ff ff ff ff ff ff ff
ff ff ff ff ff ff ff ff ff ff ff ff ff ff ff ff
ff ff ff ff ff ff ff ff ff ff ff ff ff ff ff ff
ff ff ff ff ff ff ff ff ff ff ff ff ff ff ff ff
ff ff ff ff ff ff ff ff ff ff ff ff ff ff ff ff
ff ff ff ff ff ff ff ff 20 37 1e 00 00 00 ff ff
ff 39 20 51 00 00 00 ff 00 ff 10 ff ff ff ff ff
3e 10 01 02 23 00 00 ff 20 04 4c 02 23 b7 21 02
0c 00 22 04 00 08 00 32 ff 21 02 0c 00 22 2a 01
01 00 00 00 00 00 00 00 00 00 00 00 02 00 ff ff
00 00 00 00 00 00 00 00 00 00 00 00 00 00 00 00
00 eb 00 6e 01 00 00 00 00 ff 00 e0 4c b7 23 01
ff ff ff ff ff ff ff ff ff ff ff ff ff ff ff ff
ff ff ff ff ff ff ff ff ff ff ff ff ff ff ff ff
ff ff ff ff ff ff ff ff ff ff ff ff ff ff ff ff
ff ff ff ff ff ff ff ff ff ff ff ff ff ff ff ff
ff ff ff ff ff ff ff ff ff ff ff ff ff ff ff ff
ff ff ff ff ff ff ff ff ff ff ff ff ff ff ff ff
ff ff ff ff ff ff ff ff ff ff ff ff ff ff ff ff
ff ff ff ff ff ff ff ff ff ff ff ff ff ff ff ff
ff ff ff ff ff ff ff ff ff ff ff ff ff ff ff ff
ff ff ff ff ff ff ff ff ff ff ff ff ff ff ff ff
ff ff ff ff ff ff ff ff ff ff ff ff ff ff ff ff
